Found 13 test(s).
python : Creating test 
database for alias 
'default'...
At line:1 char:1
+ python manage.py 
test 
apps.analytics.tests > 
test_output.txt 2>&1
+ ~~~~~~~~~~~~~~~~~~~~~
~~~~~~~~~~~~~~~~~~~~~~~
~~~~~~~~~~~~~~~~~~~~~
    + CategoryInfo     
         : NotSpecifi  
  ed: (Creating test   
  d...as 'default'.    
..:String) [], Rem    
oteException
    + FullyQualifiedEr 
   rorId : NativeComm  
  andError
 

System check identified no issues (0 silenced).
....WARNING 2026-03-20 
07:55:04,204 log 
Unauthorized: 
/api/energy/analytics
....WARNING 2026-03-20 
07:55:04,450 log Not 
Found: 
/api/chatbot/query/
FWARNING 2026-03-20 
07:55:04,690 log Not 
Found: 
/api/chatbot/query/
FWARNING 2026-03-20 
07:55:04,929 log Not 
Found: 
/api/chatbot/query/
F..
=======================
=======================
=======================
=
FAIL: 
test_basic_response (ap
ps.analytics.tests.Chat
botTest.test_basic_resp
onse)
-----------------------
-----------------------
-----------------------
-
Traceback (most recent 
call last):
  File "C:\Users\vishv\
.gemini\antigravity\scr
atch\energy-optimizatio
n-platform\backend\apps
\analytics\tests.py", 
line 116, in 
test_basic_response
    self.assertEqual(re
sp.status_code, 200)
AssertionError: 404 != 
200

=======================
=======================
=======================
=
FAIL: 
test_empty_message (app
s.analytics.tests.Chatb
otTest.test_empty_messa
ge)
-----------------------
-----------------------
-----------------------
-
Traceback (most recent 
call last):
  File "C:\Users\vishv\
.gemini\antigravity\scr
atch\energy-optimizatio
n-platform\backend\apps
\analytics\tests.py", 
line 136, in 
test_empty_message
    self.assertEqual(re
sp.status_code, 400)
AssertionError: 404 != 
400

=======================
=======================
=======================
=
FAIL: 
test_kwh_comes_from_db 
(apps.analytics.tests.C
hatbotTest.test_kwh_com
es_from_db)
When DB has data, 
chatbot response 
should contain the 
real kWh value.
-----------------------
-----------------------
-----------------------
-
Traceback (most recent 
call last):
  File "C:\Users\vishv\
.gemini\antigravity\scr
atch\energy-optimizatio
n-platform\backend\apps
\analytics\tests.py", 
line 128, in 
test_kwh_comes_from_db
    self.assertEqual(re
sp.status_code, 200)
AssertionError: 404 != 
200

-----------------------
-----------------------
-----------------------
-
Ran 13 tests in 2.546s

FAILED (failures=3)
Destroying test 
database for alias 
'default'...

